Archive member included because of file (symbol)

C:\WinAVR-20100110\avr\include\avr\libefsio.a(efsio.o)
                              GoogleVoiceAssistancebasedSmartMp3PLyer.o (write)
C:\WinAVR-20100110\avr\include\avr\libixabwifiadvanced.a(wifi.o)
                              GoogleVoiceAssistancebasedSmartMp3PLyer.o (wifi_http)
c:/winavr-20100110/bin/../lib/gcc/avr/4.3.3/avr5\libgcc.a(_mulsi3.o)
                              GoogleVoiceAssistancebasedSmartMp3PLyer.o (__mulsi3)
c:/winavr-20100110/bin/../lib/gcc/avr/4.3.3/avr5\libgcc.a(_divmodhi4.o)
                              C:\WinAVR-20100110\avr\include\avr\libixabwifiadvanced.a(wifi.o) (__divmodhi4)
c:/winavr-20100110/bin/../lib/gcc/avr/4.3.3/avr5\libgcc.a(_udivmodsi4.o)
                              GoogleVoiceAssistancebasedSmartMp3PLyer.o (__udivmodsi4)
c:/winavr-20100110/bin/../lib/gcc/avr/4.3.3/avr5\libgcc.a(_divmodsi4.o)
                              GoogleVoiceAssistancebasedSmartMp3PLyer.o (__divmodsi4)
c:/winavr-20100110/bin/../lib/gcc/avr/4.3.3/avr5\libgcc.a(_exit.o)
                              c:/winavr-20100110/bin/../lib/gcc/avr/4.3.3/../../../../avr/lib/avr5/crtm32.o (exit)
c:/winavr-20100110/bin/../lib/gcc/avr/4.3.3/avr5\libgcc.a(_copy_data.o)
                              GoogleVoiceAssistancebasedSmartMp3PLyer.o (__do_copy_data)
c:/winavr-20100110/bin/../lib/gcc/avr/4.3.3/avr5\libgcc.a(_clear_bss.o)
                              GoogleVoiceAssistancebasedSmartMp3PLyer.o (__do_clear_bss)
c:/winavr-20100110/bin/../lib/gcc/avr/4.3.3/avr5\libgcc.a(_udivmodhi4.o)
                              c:/winavr-20100110/bin/../lib/gcc/avr/4.3.3/avr5\libgcc.a(_divmodhi4.o) (__udivmodhi4)
c:/winavr-20100110/bin/../lib/gcc/avr/4.3.3/../../../../avr/lib/avr5\libc.a(atoi.o)
                              GoogleVoiceAssistancebasedSmartMp3PLyer.o (atoi)
c:/winavr-20100110/bin/../lib/gcc/avr/4.3.3/../../../../avr/lib/avr5\libc.a(strchr.o)
                              C:\WinAVR-20100110\avr\include\avr\libefsio.a(efsio.o) (strchr)
c:/winavr-20100110/bin/../lib/gcc/avr/4.3.3/../../../../avr/lib/avr5\libc.a(strcpy.o)
                              GoogleVoiceAssistancebasedSmartMp3PLyer.o (strcpy)
c:/winavr-20100110/bin/../lib/gcc/avr/4.3.3/../../../../avr/lib/avr5\libc.a(strncasecmp.o)
                              C:\WinAVR-20100110\avr\include\avr\libefsio.a(efsio.o) (strncasecmp)
c:/winavr-20100110/bin/../lib/gcc/avr/4.3.3/../../../../avr/lib/avr5\libc.a(strncpy.o)
                              C:\WinAVR-20100110\avr\include\avr\libefsio.a(efsio.o) (strncpy)
c:/winavr-20100110/bin/../lib/gcc/avr/4.3.3/../../../../avr/lib/avr5\libc.a(strstr.o)
                              C:\WinAVR-20100110\avr\include\avr\libefsio.a(efsio.o) (strstr)
c:/winavr-20100110/bin/../lib/gcc/avr/4.3.3/../../../../avr/lib/avr5\libc.a(itoa.o)
                              GoogleVoiceAssistancebasedSmartMp3PLyer.o (itoa)
c:/winavr-20100110/bin/../lib/gcc/avr/4.3.3/../../../../avr/lib/avr5\libc.a(ltoa.o)
                              GoogleVoiceAssistancebasedSmartMp3PLyer.o (ltoa)
c:/winavr-20100110/bin/../lib/gcc/avr/4.3.3/../../../../avr/lib/avr5\libc.a(mul10.o)
                              c:/winavr-20100110/bin/../lib/gcc/avr/4.3.3/../../../../avr/lib/avr5\libc.a(atoi.o) (__mulhi_const_10)
c:/winavr-20100110/bin/../lib/gcc/avr/4.3.3/../../../../avr/lib/avr5\libc.a(sprintf.o)
                              GoogleVoiceAssistancebasedSmartMp3PLyer.o (sprintf)
c:/winavr-20100110/bin/../lib/gcc/avr/4.3.3/../../../../avr/lib/avr5\libc.a(vfprintf_std.o)
                              c:/winavr-20100110/bin/../lib/gcc/avr/4.3.3/../../../../avr/lib/avr5\libc.a(sprintf.o) (vfprintf)
c:/winavr-20100110/bin/../lib/gcc/avr/4.3.3/../../../../avr/lib/avr5\libc.a(strnlen_P.o)
                              c:/winavr-20100110/bin/../lib/gcc/avr/4.3.3/../../../../avr/lib/avr5\libc.a(vfprintf_std.o) (strnlen_P)
c:/winavr-20100110/bin/../lib/gcc/avr/4.3.3/../../../../avr/lib/avr5\libc.a(strnlen.o)
                              c:/winavr-20100110/bin/../lib/gcc/avr/4.3.3/../../../../avr/lib/avr5\libc.a(vfprintf_std.o) (strnlen)
c:/winavr-20100110/bin/../lib/gcc/avr/4.3.3/../../../../avr/lib/avr5\libc.a(strrev.o)
                              c:/winavr-20100110/bin/../lib/gcc/avr/4.3.3/../../../../avr/lib/avr5\libc.a(itoa.o) (strrev)
c:/winavr-20100110/bin/../lib/gcc/avr/4.3.3/../../../../avr/lib/avr5\libc.a(fputc.o)
                              c:/winavr-20100110/bin/../lib/gcc/avr/4.3.3/../../../../avr/lib/avr5\libc.a(vfprintf_std.o) (fputc)
c:/winavr-20100110/bin/../lib/gcc/avr/4.3.3/../../../../avr/lib/avr5\libc.a(ultoa_invert.o)
                              c:/winavr-20100110/bin/../lib/gcc/avr/4.3.3/../../../../avr/lib/avr5\libc.a(vfprintf_std.o) (__ultoa_invert)
c:/winavr-20100110/bin/../lib/gcc/avr/4.3.3/avr5\libgcc.a(_prologue.o)
                              c:/winavr-20100110/bin/../lib/gcc/avr/4.3.3/../../../../avr/lib/avr5\libc.a(sprintf.o) (__prologue_saves__)
c:/winavr-20100110/bin/../lib/gcc/avr/4.3.3/avr5\libgcc.a(_epilogue.o)
                              c:/winavr-20100110/bin/../lib/gcc/avr/4.3.3/../../../../avr/lib/avr5\libc.a(sprintf.o) (__epilogue_restores__)

Allocating common symbols
Common symbol       size              file

jd                  0x2               C:\WinAVR-20100110\avr\include\avr\libixabwifiadvanced.a(wifi.o)
mk                  0x1               C:\WinAVR-20100110\avr\include\avr\libixabwifiadvanced.a(wifi.o)
ah                  0x2               C:\WinAVR-20100110\avr\include\avr\libixabwifiadvanced.a(wifi.o)
wxname              0xc               C:\WinAVR-20100110\avr\include\avr\libixabwifiadvanced.a(wifi.o)
wxpwsd              0xc               C:\WinAVR-20100110\avr\include\avr\libixabwifiadvanced.a(wifi.o)
wifi_buffer         0xa0              C:\WinAVR-20100110\avr\include\avr\libixabwifiadvanced.a(wifi.o)
hcode               0x2               C:\WinAVR-20100110\avr\include\avr\libixabwifiadvanced.a(wifi.o)
UQFront             0x1               GoogleVoiceAssistancebasedSmartMp3PLyer.o
data                0x14              GoogleVoiceAssistancebasedSmartMp3PLyer.o
UQEnd               0x1               GoogleVoiceAssistancebasedSmartMp3PLyer.o
URBuff              0x12c             GoogleVoiceAssistancebasedSmartMp3PLyer.o

Memory Configuration

Name             Origin             Length             Attributes
text             0x00000000         0x00020000         xr
data             0x00800060         0x0000ffa0         rw !x
eeprom           0x00810000         0x00010000         rw !x
fuse             0x00820000         0x00000400         rw !x
lock             0x00830000         0x00000400         rw !x
signature        0x00840000         0x00000400         rw !x
*default*        0x00000000         0xffffffff

Linker script and memory map

LOAD c:/winavr-20100110/bin/../lib/gcc/avr/4.3.3/../../../../avr/lib/avr5/crtm32.o
LOAD GoogleVoiceAssistancebasedSmartMp3PLyer.o
LOAD c:/winavr-20100110/bin/../lib/gcc/avr/4.3.3/../../../../avr/lib/avr5\libm.a
LOAD C:\WinAVR-20100110\avr\include\avr\libefsio.a
LOAD C:\WinAVR-20100110\avr\include\avr\libixabwifiadvanced.a
LOAD c:/winavr-20100110/bin/../lib/gcc/avr/4.3.3/avr5\libgcc.a
LOAD c:/winavr-20100110/bin/../lib/gcc/avr/4.3.3/../../../../avr/lib/avr5\libc.a
LOAD c:/winavr-20100110/bin/../lib/gcc/avr/4.3.3/avr5\libgcc.a

.hash
 *(.hash)

.dynsym
 *(.dynsym)

.dynstr
 *(.dynstr)

.gnu.version
 *(.gnu.version)

.gnu.version_d
 *(.gnu.version_d)

.gnu.version_r
 *(.gnu.version_r)

.rel.init
 *(.rel.init)

.rela.init
 *(.rela.init)

.rel.text
 *(.rel.text)
 *(.rel.text.*)
 *(.rel.gnu.linkonce.t*)

.rela.text
 *(.rela.text)
 *(.rela.text.*)
 *(.rela.gnu.linkonce.t*)

.rel.fini
 *(.rel.fini)

.rela.fini
 *(.rela.fini)

.rel.rodata
 *(.rel.rodata)
 *(.rel.rodata.*)
 *(.rel.gnu.linkonce.r*)

.rela.rodata
 *(.rela.rodata)
 *(.rela.rodata.*)
 *(.rela.gnu.linkonce.r*)

.rel.data
 *(.rel.data)
 *(.rel.data.*)
 *(.rel.gnu.linkonce.d*)

.rela.data
 *(.rela.data)
 *(.rela.data.*)
 *(.rela.gnu.linkonce.d*)

.rel.ctors
 *(.rel.ctors)

.rela.ctors
 *(.rela.ctors)

.rel.dtors
 *(.rel.dtors)

.rela.dtors
 *(.rela.dtors)

.rel.got
 *(.rel.got)

.rela.got
 *(.rela.got)

.rel.bss
 *(.rel.bss)

.rela.bss
 *(.rela.bss)

.rel.plt
 *(.rel.plt)

.rela.plt
 *(.rela.plt)

.text           0x00000000     0x1c28
 *(.vectors)
 .vectors       0x00000000       0x54 c:/winavr-20100110/bin/../lib/gcc/avr/4.3.3/../../../../avr/lib/avr5/crtm32.o
                0x00000000                __vectors
                0x00000000                __vector_default
 *(.vectors)
 *(.progmem.gcc*)
 *(.progmem*)
 .progmem.data  0x00000054       0x18 C:\WinAVR-20100110\avr\include\avr\libixabwifiadvanced.a(wifi.o)
                0x0000006c                . = ALIGN (0x2)
                0x0000006c                __trampolines_start = .
 *(.trampolines)
 .trampolines   0x0000006c        0x0 linker stubs
 *(.trampolines*)
                0x0000006c                __trampolines_end = .
 *(.jumptables)
 *(.jumptables*)
 *(.lowtext)
 *(.lowtext*)
                0x0000006c                __ctors_start = .
 *(.ctors)
                0x0000006c                __ctors_end = .
                0x0000006c                __dtors_start = .
 *(.dtors)
                0x0000006c                __dtors_end = .
 SORT(*)(.ctors)
 SORT(*)(.dtors)
 *(.init0)
 .init0         0x0000006c        0x0 c:/winavr-20100110/bin/../lib/gcc/avr/4.3.3/../../../../avr/lib/avr5/crtm32.o
                0x0000006c                __init
 *(.init0)
 *(.init1)
 *(.init1)
 *(.init2)
 .init2         0x0000006c        0xc c:/winavr-20100110/bin/../lib/gcc/avr/4.3.3/../../../../avr/lib/avr5/crtm32.o
 *(.init2)
 *(.init3)
 *(.init3)
 *(.init4)
 .init4         0x00000078       0x16 c:/winavr-20100110/bin/../lib/gcc/avr/4.3.3/avr5\libgcc.a(_copy_data.o)
                0x00000078                __do_copy_data
 .init4         0x0000008e       0x10 c:/winavr-20100110/bin/../lib/gcc/avr/4.3.3/avr5\libgcc.a(_clear_bss.o)
                0x0000008e                __do_clear_bss
 *(.init4)
 *(.init5)
 *(.init5)
 *(.init6)
 *(.init6)
 *(.init7)
 *(.init7)
 *(.init8)
 *(.init8)
 *(.init9)
 .init9         0x0000009e        0x8 c:/winavr-20100110/bin/../lib/gcc/avr/4.3.3/../../../../avr/lib/avr5/crtm32.o
 *(.init9)
 *(.text)
 .text          0x000000a6        0x4 c:/winavr-20100110/bin/../lib/gcc/avr/4.3.3/../../../../avr/lib/avr5/crtm32.o
                0x000000a6                __vector_1
                0x000000a6                __vector_12
                0x000000a6                __bad_interrupt
                0x000000a6                __vector_6
                0x000000a6                __vector_3
                0x000000a6                __vector_11
                0x000000a6                __vector_17
                0x000000a6                __vector_19
                0x000000a6                __vector_7
                0x000000a6                __vector_5
                0x000000a6                __vector_4
                0x000000a6                __vector_9
                0x000000a6                __vector_2
                0x000000a6                __vector_15
                0x000000a6                __vector_8
                0x000000a6                __vector_14
                0x000000a6                __vector_10
                0x000000a6                __vector_16
                0x000000a6                __vector_18
                0x000000a6                __vector_20
 .text          0x000000aa      0xcda GoogleVoiceAssistancebasedSmartMp3PLyer.o
                0x0000022c                serial_available
                0x000005de                data_update
                0x00000432                lcd_data
                0x00000b3e                playPreviousSong
                0x00000a6e                serial_num
                0x00000556                lcd_num
                0x0000073a                gps_update
                0x00000446                lcd_gotoxy
                0x0000046e                lcd_putc
                0x0000035c                urclear
                0x000002a6                serial_nread
                0x00000bb6                all_lights_off
                0x0000045e                lcd_clear
                0x00000ad6                volumeDec
                0x00000466                lcd_home
                0x000002d2                __vector_13
                0x000001e0                serial_string_P
                0x00000c3a                complete_setup
                0x000001cc                serial_string
                0x00000498                lcd_string
                0x000001f4                s_readbuffer
                0x0000059a                serial_numl
                0x00000456                lcd_getxy
                0x000001c4                serial_char
                0x00000280                serial_nreadw
                0x000004b0                lcd_puts_p
                0x000004e8                lcd_init
                0x00000c6e                main
                0x000004cc                lcd_string_X
                0x00000ac4                mp3_init
                0x00000270                s_clearbuffer
                0x000000aa                serial_init
                0x00000b0a                volumeInc
                0x00000b72                playNextSong
                0x0000068c                data_updatex
                0x0000017a                serial_read
                0x00000bf8                all_lights_on
                0x000009a6                data_retrieve
                0x00000ab2                StopSong
                0x0000041e                lcd_command
                0x000007ec                rgb_retrieve
                0x000000fe                serial_finit
                0x000008ea                data_retrievex
 .text          0x00000d84      0x438 C:\WinAVR-20100110\avr\include\avr\libefsio.a(efsio.o)
                0x000010d6                serial_select
                0x0000101c                direction
                0x00000e5c                write
                0x00000d84                read
                0x00001190                compare
                0x000011b6                str_num
                0x0000112a                jsonparser
 .text          0x000011bc      0x1f6 C:\WinAVR-20100110\avr\include\avr\libixabwifiadvanced.a(wifi.o)
                0x00001280                wifi_http
                0x000011c8                wifi_restart
                0x000013ac                reconfigure
                0x000011c2                wifi_status
                0x000011f4                WaitForWResponse
                0x000011bc                wifi_off
                0x00001308                wifi_connect
                0x00001380                wifi_init
 .text          0x000013b2        0x0 c:/winavr-20100110/bin/../lib/gcc/avr/4.3.3/avr5\libgcc.a(_mulsi3.o)
 .text          0x000013b2        0x0 c:/winavr-20100110/bin/../lib/gcc/avr/4.3.3/avr5\libgcc.a(_divmodhi4.o)
 .text          0x000013b2        0x0 c:/winavr-20100110/bin/../lib/gcc/avr/4.3.3/avr5\libgcc.a(_udivmodsi4.o)
 .text          0x000013b2        0x0 c:/winavr-20100110/bin/../lib/gcc/avr/4.3.3/avr5\libgcc.a(_divmodsi4.o)
 .text          0x000013b2        0x0 c:/winavr-20100110/bin/../lib/gcc/avr/4.3.3/avr5\libgcc.a(_exit.o)
 .text          0x000013b2        0x0 c:/winavr-20100110/bin/../lib/gcc/avr/4.3.3/avr5\libgcc.a(_copy_data.o)
 .text          0x000013b2        0x0 c:/winavr-20100110/bin/../lib/gcc/avr/4.3.3/avr5\libgcc.a(_clear_bss.o)
 .text          0x000013b2        0x0 c:/winavr-20100110/bin/../lib/gcc/avr/4.3.3/avr5\libgcc.a(_udivmodhi4.o)
 .text          0x000013b2        0x0 c:/winavr-20100110/bin/../lib/gcc/avr/4.3.3/../../../../avr/lib/avr5\libc.a(atoi.o)
 .text          0x000013b2        0x0 c:/winavr-20100110/bin/../lib/gcc/avr/4.3.3/../../../../avr/lib/avr5\libc.a(strchr.o)
 .text          0x000013b2        0x0 c:/winavr-20100110/bin/../lib/gcc/avr/4.3.3/../../../../avr/lib/avr5\libc.a(strcpy.o)
 .text          0x000013b2        0x0 c:/winavr-20100110/bin/../lib/gcc/avr/4.3.3/../../../../avr/lib/avr5\libc.a(strncasecmp.o)
 .text          0x000013b2        0x0 c:/winavr-20100110/bin/../lib/gcc/avr/4.3.3/../../../../avr/lib/avr5\libc.a(strncpy.o)
 .text          0x000013b2        0x0 c:/winavr-20100110/bin/../lib/gcc/avr/4.3.3/../../../../avr/lib/avr5\libc.a(strstr.o)
 .text          0x000013b2        0x0 c:/winavr-20100110/bin/../lib/gcc/avr/4.3.3/../../../../avr/lib/avr5\libc.a(itoa.o)
 .text          0x000013b2        0x0 c:/winavr-20100110/bin/../lib/gcc/avr/4.3.3/../../../../avr/lib/avr5\libc.a(ltoa.o)
 .text          0x000013b2        0x0 c:/winavr-20100110/bin/../lib/gcc/avr/4.3.3/../../../../avr/lib/avr5\libc.a(mul10.o)
 .text          0x000013b2        0x0 c:/winavr-20100110/bin/../lib/gcc/avr/4.3.3/../../../../avr/lib/avr5\libc.a(sprintf.o)
 .text          0x000013b2        0x0 c:/winavr-20100110/bin/../lib/gcc/avr/4.3.3/../../../../avr/lib/avr5\libc.a(vfprintf_std.o)
 .text          0x000013b2        0x0 c:/winavr-20100110/bin/../lib/gcc/avr/4.3.3/../../../../avr/lib/avr5\libc.a(strnlen_P.o)
 .text          0x000013b2        0x0 c:/winavr-20100110/bin/../lib/gcc/avr/4.3.3/../../../../avr/lib/avr5\libc.a(strnlen.o)
 .text          0x000013b2        0x0 c:/winavr-20100110/bin/../lib/gcc/avr/4.3.3/../../../../avr/lib/avr5\libc.a(strrev.o)
 .text          0x000013b2        0x0 c:/winavr-20100110/bin/../lib/gcc/avr/4.3.3/../../../../avr/lib/avr5\libc.a(fputc.o)
 .text          0x000013b2        0x0 c:/winavr-20100110/bin/../lib/gcc/avr/4.3.3/../../../../avr/lib/avr5\libc.a(ultoa_invert.o)
 .text          0x000013b2        0x0 c:/winavr-20100110/bin/../lib/gcc/avr/4.3.3/avr5\libgcc.a(_prologue.o)
 .text          0x000013b2        0x0 c:/winavr-20100110/bin/../lib/gcc/avr/4.3.3/avr5\libgcc.a(_epilogue.o)
                0x000013b2                . = ALIGN (0x2)
 *(.text.*)
 .text.libgcc   0x000013b2       0x3e c:/winavr-20100110/bin/../lib/gcc/avr/4.3.3/avr5\libgcc.a(_mulsi3.o)
                0x000013b2                __mulsi3
 .text.libgcc   0x000013f0       0x26 c:/winavr-20100110/bin/../lib/gcc/avr/4.3.3/avr5\libgcc.a(_divmodhi4.o)
                0x000013f0                __divmodhi4
                0x000013f0                _div
 .text.libgcc   0x00001416       0x44 c:/winavr-20100110/bin/../lib/gcc/avr/4.3.3/avr5\libgcc.a(_udivmodsi4.o)
                0x00001416                __udivmodsi4
 .text.libgcc   0x0000145a       0x36 c:/winavr-20100110/bin/../lib/gcc/avr/4.3.3/avr5\libgcc.a(_divmodsi4.o)
                0x0000145a                __divmodsi4
 .text.libgcc   0x00001490        0x0 c:/winavr-20100110/bin/../lib/gcc/avr/4.3.3/avr5\libgcc.a(_exit.o)
 .text.libgcc   0x00001490        0x0 c:/winavr-20100110/bin/../lib/gcc/avr/4.3.3/avr5\libgcc.a(_copy_data.o)
 .text.libgcc   0x00001490        0x0 c:/winavr-20100110/bin/../lib/gcc/avr/4.3.3/avr5\libgcc.a(_clear_bss.o)
 .text.libgcc   0x00001490       0x28 c:/winavr-20100110/bin/../lib/gcc/avr/4.3.3/avr5\libgcc.a(_udivmodhi4.o)
                0x00001490                __udivmodhi4
 .text.avr-libc
                0x000014b8       0x3c c:/winavr-20100110/bin/../lib/gcc/avr/4.3.3/../../../../avr/lib/avr5\libc.a(atoi.o)
                0x000014b8                atoi
 .text.avr-libc
                0x000014f4       0x16 c:/winavr-20100110/bin/../lib/gcc/avr/4.3.3/../../../../avr/lib/avr5\libc.a(strchr.o)
                0x000014f4                strchr
 .text.avr-libc
                0x0000150a        0xe c:/winavr-20100110/bin/../lib/gcc/avr/4.3.3/../../../../avr/lib/avr5\libc.a(strcpy.o)
                0x0000150a                strcpy
 .text.avr-libc
                0x00001518       0x30 c:/winavr-20100110/bin/../lib/gcc/avr/4.3.3/../../../../avr/lib/avr5\libc.a(strncasecmp.o)
                0x00001518                strncasecmp
 .text.avr-libc
                0x00001548       0x1e c:/winavr-20100110/bin/../lib/gcc/avr/4.3.3/../../../../avr/lib/avr5\libc.a(strncpy.o)
                0x00001548                strncpy
 .text.avr-libc
                0x00001566       0x34 c:/winavr-20100110/bin/../lib/gcc/avr/4.3.3/../../../../avr/lib/avr5\libc.a(strstr.o)
                0x00001566                strstr
 .text.avr-libc
                0x0000159a       0x42 c:/winavr-20100110/bin/../lib/gcc/avr/4.3.3/../../../../avr/lib/avr5\libc.a(itoa.o)
                0x0000159a                itoa
 .text.avr-libc
                0x000015dc       0x68 c:/winavr-20100110/bin/../lib/gcc/avr/4.3.3/../../../../avr/lib/avr5\libc.a(ltoa.o)
                0x000015dc                ltoa
 .text.avr-libc
                0x00001644       0x10 c:/winavr-20100110/bin/../lib/gcc/avr/4.3.3/../../../../avr/lib/avr5\libc.a(mul10.o)
                0x00001644                __mulhi_const_10
 .text.avr-libc
                0x00001654       0x48 c:/winavr-20100110/bin/../lib/gcc/avr/4.3.3/../../../../avr/lib/avr5\libc.a(sprintf.o)
                0x00001654                sprintf
 .text.avr-libc
                0x0000169c      0x3ba c:/winavr-20100110/bin/../lib/gcc/avr/4.3.3/../../../../avr/lib/avr5\libc.a(vfprintf_std.o)
                0x0000169c                vfprintf
 .text.avr-libc
                0x00001a56       0x16 c:/winavr-20100110/bin/../lib/gcc/avr/4.3.3/../../../../avr/lib/avr5\libc.a(strnlen_P.o)
                0x00001a56                strnlen_P
 .text.avr-libc
                0x00001a6c       0x16 c:/winavr-20100110/bin/../lib/gcc/avr/4.3.3/../../../../avr/lib/avr5\libc.a(strnlen.o)
                0x00001a6c                strnlen
 .text.avr-libc
                0x00001a82       0x20 c:/winavr-20100110/bin/../lib/gcc/avr/4.3.3/../../../../avr/lib/avr5\libc.a(strrev.o)
                0x00001a82                strrev
 .text.avr-libc
                0x00001aa2       0x58 c:/winavr-20100110/bin/../lib/gcc/avr/4.3.3/../../../../avr/lib/avr5\libc.a(fputc.o)
                0x00001aa2                fputc
 .text.avr-libc
                0x00001afa       0xbc c:/winavr-20100110/bin/../lib/gcc/avr/4.3.3/../../../../avr/lib/avr5\libc.a(ultoa_invert.o)
                0x00001afa                __ultoa_invert
 .text.libgcc   0x00001bb6       0x38 c:/winavr-20100110/bin/../lib/gcc/avr/4.3.3/avr5\libgcc.a(_prologue.o)
                0x00001bb6                __prologue_saves__
 .text.libgcc   0x00001bee       0x36 c:/winavr-20100110/bin/../lib/gcc/avr/4.3.3/avr5\libgcc.a(_epilogue.o)
                0x00001bee                __epilogue_restores__
                0x00001c24                . = ALIGN (0x2)
 *(.fini9)
 .fini9         0x00001c24        0x0 c:/winavr-20100110/bin/../lib/gcc/avr/4.3.3/avr5\libgcc.a(_exit.o)
                0x00001c24                exit
                0x00001c24                _exit
 *(.fini9)
 *(.fini8)
 *(.fini8)
 *(.fini7)
 *(.fini7)
 *(.fini6)
 *(.fini6)
 *(.fini5)
 *(.fini5)
 *(.fini4)
 *(.fini4)
 *(.fini3)
 *(.fini3)
 *(.fini2)
 *(.fini2)
 *(.fini1)
 *(.fini1)
 *(.fini0)
 .fini0         0x00001c24        0x4 c:/winavr-20100110/bin/../lib/gcc/avr/4.3.3/avr5\libgcc.a(_exit.o)
 *(.fini0)
                0x00001c28                _etext = .

.data           0x00800060      0x196 load address 0x00001c28
                0x00800060                PROVIDE (__data_start, .)
 *(.data)
 .data          0x00800060        0x0 c:/winavr-20100110/bin/../lib/gcc/avr/4.3.3/../../../../avr/lib/avr5/crtm32.o
 .data          0x00800060      0x183 GoogleVoiceAssistancebasedSmartMp3PLyer.o
 .data          0x008001e3        0x3 C:\WinAVR-20100110\avr\include\avr\libefsio.a(efsio.o)
 .data          0x008001e6       0x10 C:\WinAVR-20100110\avr\include\avr\libixabwifiadvanced.a(wifi.o)
 .data          0x008001f6        0x0 c:/winavr-20100110/bin/../lib/gcc/avr/4.3.3/avr5\libgcc.a(_mulsi3.o)
 .data          0x008001f6        0x0 c:/winavr-20100110/bin/../lib/gcc/avr/4.3.3/avr5\libgcc.a(_divmodhi4.o)
 .data          0x008001f6        0x0 c:/winavr-20100110/bin/../lib/gcc/avr/4.3.3/avr5\libgcc.a(_udivmodsi4.o)
 .data          0x008001f6        0x0 c:/winavr-20100110/bin/../lib/gcc/avr/4.3.3/avr5\libgcc.a(_divmodsi4.o)
 .data          0x008001f6        0x0 c:/winavr-20100110/bin/../lib/gcc/avr/4.3.3/avr5\libgcc.a(_exit.o)
 .data          0x008001f6        0x0 c:/winavr-20100110/bin/../lib/gcc/avr/4.3.3/avr5\libgcc.a(_copy_data.o)
 .data          0x008001f6        0x0 c:/winavr-20100110/bin/../lib/gcc/avr/4.3.3/avr5\libgcc.a(_clear_bss.o)
 .data          0x008001f6        0x0 c:/winavr-20100110/bin/../lib/gcc/avr/4.3.3/avr5\libgcc.a(_udivmodhi4.o)
 .data          0x008001f6        0x0 c:/winavr-20100110/bin/../lib/gcc/avr/4.3.3/../../../../avr/lib/avr5\libc.a(atoi.o)
 .data          0x008001f6        0x0 c:/winavr-20100110/bin/../lib/gcc/avr/4.3.3/../../../../avr/lib/avr5\libc.a(strchr.o)
 .data          0x008001f6        0x0 c:/winavr-20100110/bin/../lib/gcc/avr/4.3.3/../../../../avr/lib/avr5\libc.a(strcpy.o)
 .data          0x008001f6        0x0 c:/winavr-20100110/bin/../lib/gcc/avr/4.3.3/../../../../avr/lib/avr5\libc.a(strncasecmp.o)
 .data          0x008001f6        0x0 c:/winavr-20100110/bin/../lib/gcc/avr/4.3.3/../../../../avr/lib/avr5\libc.a(strncpy.o)
 .data          0x008001f6        0x0 c:/winavr-20100110/bin/../lib/gcc/avr/4.3.3/../../../../avr/lib/avr5\libc.a(strstr.o)
 .data          0x008001f6        0x0 c:/winavr-20100110/bin/../lib/gcc/avr/4.3.3/../../../../avr/lib/avr5\libc.a(itoa.o)
 .data          0x008001f6        0x0 c:/winavr-20100110/bin/../lib/gcc/avr/4.3.3/../../../../avr/lib/avr5\libc.a(ltoa.o)
 .data          0x008001f6        0x0 c:/winavr-20100110/bin/../lib/gcc/avr/4.3.3/../../../../avr/lib/avr5\libc.a(mul10.o)
 .data          0x008001f6        0x0 c:/winavr-20100110/bin/../lib/gcc/avr/4.3.3/../../../../avr/lib/avr5\libc.a(sprintf.o)
 .data          0x008001f6        0x0 c:/winavr-20100110/bin/../lib/gcc/avr/4.3.3/../../../../avr/lib/avr5\libc.a(vfprintf_std.o)
 .data          0x008001f6        0x0 c:/winavr-20100110/bin/../lib/gcc/avr/4.3.3/../../../../avr/lib/avr5\libc.a(strnlen_P.o)
 .data          0x008001f6        0x0 c:/winavr-20100110/bin/../lib/gcc/avr/4.3.3/../../../../avr/lib/avr5\libc.a(strnlen.o)
 .data          0x008001f6        0x0 c:/winavr-20100110/bin/../lib/gcc/avr/4.3.3/../../../../avr/lib/avr5\libc.a(strrev.o)
 .data          0x008001f6        0x0 c:/winavr-20100110/bin/../lib/gcc/avr/4.3.3/../../../../avr/lib/avr5\libc.a(fputc.o)
 .data          0x008001f6        0x0 c:/winavr-20100110/bin/../lib/gcc/avr/4.3.3/../../../../avr/lib/avr5\libc.a(ultoa_invert.o)
 .data          0x008001f6        0x0 c:/winavr-20100110/bin/../lib/gcc/avr/4.3.3/avr5\libgcc.a(_prologue.o)
 .data          0x008001f6        0x0 c:/winavr-20100110/bin/../lib/gcc/avr/4.3.3/avr5\libgcc.a(_epilogue.o)
 *(.data*)
 *(.rodata)
 *(.rodata*)
 *(.gnu.linkonce.d*)
                0x008001f6                . = ALIGN (0x2)
                0x008001f6                _edata = .
                0x008001f6                PROVIDE (__data_end, .)

.bss            0x008001f6      0x205
                0x008001f6                PROVIDE (__bss_start, .)
 *(.bss)
 .bss           0x008001f6        0x0 c:/winavr-20100110/bin/../lib/gcc/avr/4.3.3/../../../../avr/lib/avr5/crtm32.o
 .bss           0x008001f6        0x2 GoogleVoiceAssistancebasedSmartMp3PLyer.o
                0x008001f6                i
 .bss           0x008001f8        0x0 C:\WinAVR-20100110\avr\include\avr\libefsio.a(efsio.o)
 .bss           0x008001f8        0x2 C:\WinAVR-20100110\avr\include\avr\libixabwifiadvanced.a(wifi.o)
                0x008001f8                otacount
 .bss           0x008001fa        0x0 c:/winavr-20100110/bin/../lib/gcc/avr/4.3.3/avr5\libgcc.a(_mulsi3.o)
 .bss           0x008001fa        0x0 c:/winavr-20100110/bin/../lib/gcc/avr/4.3.3/avr5\libgcc.a(_divmodhi4.o)
 .bss           0x008001fa        0x0 c:/winavr-20100110/bin/../lib/gcc/avr/4.3.3/avr5\libgcc.a(_udivmodsi4.o)
 .bss           0x008001fa        0x0 c:/winavr-20100110/bin/../lib/gcc/avr/4.3.3/avr5\libgcc.a(_divmodsi4.o)
 .bss           0x008001fa        0x0 c:/winavr-20100110/bin/../lib/gcc/avr/4.3.3/avr5\libgcc.a(_exit.o)
 .bss           0x008001fa        0x0 c:/winavr-20100110/bin/../lib/gcc/avr/4.3.3/avr5\libgcc.a(_copy_data.o)
 .bss           0x008001fa        0x0 c:/winavr-20100110/bin/../lib/gcc/avr/4.3.3/avr5\libgcc.a(_clear_bss.o)
 .bss           0x008001fa        0x0 c:/winavr-20100110/bin/../lib/gcc/avr/4.3.3/avr5\libgcc.a(_udivmodhi4.o)
 .bss           0x008001fa        0x0 c:/winavr-20100110/bin/../lib/gcc/avr/4.3.3/../../../../avr/lib/avr5\libc.a(atoi.o)
 .bss           0x008001fa        0x0 c:/winavr-20100110/bin/../lib/gcc/avr/4.3.3/../../../../avr/lib/avr5\libc.a(strchr.o)
 .bss           0x008001fa        0x0 c:/winavr-20100110/bin/../lib/gcc/avr/4.3.3/../../../../avr/lib/avr5\libc.a(strcpy.o)
 .bss           0x008001fa        0x0 c:/winavr-20100110/bin/../lib/gcc/avr/4.3.3/../../../../avr/lib/avr5\libc.a(strncasecmp.o)
 .bss           0x008001fa        0x0 c:/winavr-20100110/bin/../lib/gcc/avr/4.3.3/../../../../avr/lib/avr5\libc.a(strncpy.o)
 .bss           0x008001fa        0x0 c:/winavr-20100110/bin/../lib/gcc/avr/4.3.3/../../../../avr/lib/avr5\libc.a(strstr.o)
 .bss           0x008001fa        0x0 c:/winavr-20100110/bin/../lib/gcc/avr/4.3.3/../../../../avr/lib/avr5\libc.a(itoa.o)
 .bss           0x008001fa        0x0 c:/winavr-20100110/bin/../lib/gcc/avr/4.3.3/../../../../avr/lib/avr5\libc.a(ltoa.o)
 .bss           0x008001fa        0x0 c:/winavr-20100110/bin/../lib/gcc/avr/4.3.3/../../../../avr/lib/avr5\libc.a(mul10.o)
 .bss           0x008001fa        0x0 c:/winavr-20100110/bin/../lib/gcc/avr/4.3.3/../../../../avr/lib/avr5\libc.a(sprintf.o)
 .bss           0x008001fa        0x0 c:/winavr-20100110/bin/../lib/gcc/avr/4.3.3/../../../../avr/lib/avr5\libc.a(vfprintf_std.o)
 .bss           0x008001fa        0x0 c:/winavr-20100110/bin/../lib/gcc/avr/4.3.3/../../../../avr/lib/avr5\libc.a(strnlen_P.o)
 .bss           0x008001fa        0x0 c:/winavr-20100110/bin/../lib/gcc/avr/4.3.3/../../../../avr/lib/avr5\libc.a(strnlen.o)
 .bss           0x008001fa        0x0 c:/winavr-20100110/bin/../lib/gcc/avr/4.3.3/../../../../avr/lib/avr5\libc.a(strrev.o)
 .bss           0x008001fa        0x0 c:/winavr-20100110/bin/../lib/gcc/avr/4.3.3/../../../../avr/lib/avr5\libc.a(fputc.o)
 .bss           0x008001fa        0x0 c:/winavr-20100110/bin/../lib/gcc/avr/4.3.3/../../../../avr/lib/avr5\libc.a(ultoa_invert.o)
 .bss           0x008001fa        0x0 c:/winavr-20100110/bin/../lib/gcc/avr/4.3.3/avr5\libgcc.a(_prologue.o)
 .bss           0x008001fa        0x0 c:/winavr-20100110/bin/../lib/gcc/avr/4.3.3/avr5\libgcc.a(_epilogue.o)
 *(.bss*)
 *(COMMON)
 COMMON         0x008001fa      0x142 GoogleVoiceAssistancebasedSmartMp3PLyer.o
                0x008001fa                UQFront
                0x008001fb                data
                0x0080020f                UQEnd
                0x00800210                URBuff
 COMMON         0x0080033c       0xbf C:\WinAVR-20100110\avr\include\avr\libixabwifiadvanced.a(wifi.o)
                0x0080033c                jd
                0x0080033e                mk
                0x0080033f                ah
                0x00800341                wxname
                0x0080034d                wxpwsd
                0x00800359                wifi_buffer
                0x008003f9                hcode
                0x008003fb                PROVIDE (__bss_end, .)
                0x00001c28                __data_load_start = LOADADDR (.data)
                0x00001dbe                __data_load_end = (__data_load_start + SIZEOF (.data))

.noinit         0x008003fb        0x0
                0x008003fb                PROVIDE (__noinit_start, .)
 *(.noinit*)
                0x008003fb                PROVIDE (__noinit_end, .)
                0x008003fb                _end = .
                0x008003fb                PROVIDE (__heap_start, .)

.eeprom         0x00810000        0x0
 *(.eeprom*)
                0x00810000                __eeprom_end = .

.fuse
 *(.fuse)
 *(.lfuse)
 *(.hfuse)
 *(.efuse)

.lock
 *(.lock*)

.signature
 *(.signature*)

.stab
 *(.stab)

.stabstr
 *(.stabstr)

.stab.excl
 *(.stab.excl)

.stab.exclstr
 *(.stab.exclstr)

.stab.index
 *(.stab.index)

.stab.indexstr
 *(.stab.indexstr)

.comment
 *(.comment)

.debug
 *(.debug)

.line
 *(.line)

.debug_srcinfo
 *(.debug_srcinfo)

.debug_sfnames
 *(.debug_sfnames)

.debug_aranges  0x00000000       0x60
 *(.debug_aranges)
 .debug_aranges
                0x00000000       0x20 GoogleVoiceAssistancebasedSmartMp3PLyer.o
 .debug_aranges
                0x00000020       0x20 C:\WinAVR-20100110\avr\include\avr\libefsio.a(efsio.o)
 .debug_aranges
                0x00000040       0x20 C:\WinAVR-20100110\avr\include\avr\libixabwifiadvanced.a(wifi.o)

.debug_pubnames
                0x00000000      0x43c
 *(.debug_pubnames)
 .debug_pubnames
                0x00000000      0x2ec GoogleVoiceAssistancebasedSmartMp3PLyer.o
 .debug_pubnames
                0x000002ec       0x6c C:\WinAVR-20100110\avr\include\avr\libefsio.a(efsio.o)
 .debug_pubnames
                0x00000358       0xe4 C:\WinAVR-20100110\avr\include\avr\libixabwifiadvanced.a(wifi.o)

.debug_info     0x00000000     0x15dd
 *(.debug_info)
 .debug_info    0x00000000      0xec7 GoogleVoiceAssistancebasedSmartMp3PLyer.o
 .debug_info    0x00000ec7      0x24b C:\WinAVR-20100110\avr\include\avr\libefsio.a(efsio.o)
 .debug_info    0x00001112      0x4cb C:\WinAVR-20100110\avr\include\avr\libixabwifiadvanced.a(wifi.o)
 *(.gnu.linkonce.wi.*)

.debug_abbrev   0x00000000      0x6eb
 *(.debug_abbrev)
 .debug_abbrev  0x00000000      0x3d8 GoogleVoiceAssistancebasedSmartMp3PLyer.o
 .debug_abbrev  0x000003d8      0x134 C:\WinAVR-20100110\avr\include\avr\libefsio.a(efsio.o)
 .debug_abbrev  0x0000050c      0x1df C:\WinAVR-20100110\avr\include\avr\libixabwifiadvanced.a(wifi.o)

.debug_line     0x00000000     0x13bc
 *(.debug_line)
 .debug_line    0x00000000      0xcb6 GoogleVoiceAssistancebasedSmartMp3PLyer.o
 .debug_line    0x00000cb6      0x3ad C:\WinAVR-20100110\avr\include\avr\libefsio.a(efsio.o)
 .debug_line    0x00001063      0x359 C:\WinAVR-20100110\avr\include\avr\libixabwifiadvanced.a(wifi.o)

.debug_frame    0x00000000      0x3f0
 *(.debug_frame)
 .debug_frame   0x00000000      0x2e0 GoogleVoiceAssistancebasedSmartMp3PLyer.o
 .debug_frame   0x000002e0       0x80 C:\WinAVR-20100110\avr\include\avr\libefsio.a(efsio.o)
 .debug_frame   0x00000360       0x90 C:\WinAVR-20100110\avr\include\avr\libixabwifiadvanced.a(wifi.o)

.debug_str      0x00000000      0x5b3
 *(.debug_str)
 .debug_str     0x00000000      0x3ec GoogleVoiceAssistancebasedSmartMp3PLyer.o
                                0x443 (size before relaxing)
 .debug_str     0x000003ec       0xb5 C:\WinAVR-20100110\avr\include\avr\libefsio.a(efsio.o)
                                0x152 (size before relaxing)
 .debug_str     0x000004a1      0x112 C:\WinAVR-20100110\avr\include\avr\libixabwifiadvanced.a(wifi.o)
                                0x1e2 (size before relaxing)

.debug_loc      0x00000000      0xbdb
 *(.debug_loc)
 .debug_loc     0x00000000      0x7ca GoogleVoiceAssistancebasedSmartMp3PLyer.o
 .debug_loc     0x000007ca      0x2a6 C:\WinAVR-20100110\avr\include\avr\libefsio.a(efsio.o)
 .debug_loc     0x00000a70      0x16b C:\WinAVR-20100110\avr\include\avr\libixabwifiadvanced.a(wifi.o)

.debug_macinfo
 *(.debug_macinfo)
OUTPUT(GoogleVoiceAssistancebasedSmartMp3PLyer.elf elf32-avr)
LOAD linker stubs

.debug_ranges   0x00000000       0x48
 .debug_ranges  0x00000000       0x48 C:\WinAVR-20100110\avr\include\avr\libixabwifiadvanced.a(wifi.o)

Cross Reference Table

Symbol                                            File
StopSong                                          GoogleVoiceAssistancebasedSmartMp3PLyer.o
UQEnd                                             GoogleVoiceAssistancebasedSmartMp3PLyer.o
UQFront                                           GoogleVoiceAssistancebasedSmartMp3PLyer.o
URBuff                                            GoogleVoiceAssistancebasedSmartMp3PLyer.o
WaitForWResponse                                  C:\WinAVR-20100110\avr\include\avr\libixabwifiadvanced.a(wifi.o)
__bad_interrupt                                   c:/winavr-20100110/bin/../lib/gcc/avr/4.3.3/../../../../avr/lib/avr5/crtm32.o
__bss_end                                         c:/winavr-20100110/bin/../lib/gcc/avr/4.3.3/avr5\libgcc.a(_clear_bss.o)
__bss_start                                       c:/winavr-20100110/bin/../lib/gcc/avr/4.3.3/avr5\libgcc.a(_clear_bss.o)
__data_end                                        c:/winavr-20100110/bin/../lib/gcc/avr/4.3.3/avr5\libgcc.a(_copy_data.o)
__data_load_start                                 c:/winavr-20100110/bin/../lib/gcc/avr/4.3.3/avr5\libgcc.a(_copy_data.o)
__data_start                                      c:/winavr-20100110/bin/../lib/gcc/avr/4.3.3/avr5\libgcc.a(_copy_data.o)
__divmodhi4                                       c:/winavr-20100110/bin/../lib/gcc/avr/4.3.3/avr5\libgcc.a(_divmodhi4.o)
                                                  C:\WinAVR-20100110\avr\include\avr\libixabwifiadvanced.a(wifi.o)
__divmodsi4                                       c:/winavr-20100110/bin/../lib/gcc/avr/4.3.3/avr5\libgcc.a(_divmodsi4.o)
                                                  GoogleVoiceAssistancebasedSmartMp3PLyer.o
__do_clear_bss                                    c:/winavr-20100110/bin/../lib/gcc/avr/4.3.3/avr5\libgcc.a(_clear_bss.o)
                                                  C:\WinAVR-20100110\avr\include\avr\libixabwifiadvanced.a(wifi.o)
                                                  GoogleVoiceAssistancebasedSmartMp3PLyer.o
__do_copy_data                                    c:/winavr-20100110/bin/../lib/gcc/avr/4.3.3/avr5\libgcc.a(_copy_data.o)
                                                  C:\WinAVR-20100110\avr\include\avr\libixabwifiadvanced.a(wifi.o)
                                                  C:\WinAVR-20100110\avr\include\avr\libefsio.a(efsio.o)
                                                  GoogleVoiceAssistancebasedSmartMp3PLyer.o
__epilogue_restores__                             c:/winavr-20100110/bin/../lib/gcc/avr/4.3.3/avr5\libgcc.a(_epilogue.o)
                                                  c:/winavr-20100110/bin/../lib/gcc/avr/4.3.3/../../../../avr/lib/avr5\libc.a(vfprintf_std.o)
                                                  c:/winavr-20100110/bin/../lib/gcc/avr/4.3.3/../../../../avr/lib/avr5\libc.a(sprintf.o)
__heap_end                                        c:/winavr-20100110/bin/../lib/gcc/avr/4.3.3/../../../../avr/lib/avr5/crtm32.o
__init                                            c:/winavr-20100110/bin/../lib/gcc/avr/4.3.3/../../../../avr/lib/avr5/crtm32.o
__mulhi_const_10                                  c:/winavr-20100110/bin/../lib/gcc/avr/4.3.3/../../../../avr/lib/avr5\libc.a(mul10.o)
                                                  c:/winavr-20100110/bin/../lib/gcc/avr/4.3.3/../../../../avr/lib/avr5\libc.a(atoi.o)
__mulsi3                                          c:/winavr-20100110/bin/../lib/gcc/avr/4.3.3/avr5\libgcc.a(_mulsi3.o)
                                                  GoogleVoiceAssistancebasedSmartMp3PLyer.o
__prologue_saves__                                c:/winavr-20100110/bin/../lib/gcc/avr/4.3.3/avr5\libgcc.a(_prologue.o)
                                                  c:/winavr-20100110/bin/../lib/gcc/avr/4.3.3/../../../../avr/lib/avr5\libc.a(vfprintf_std.o)
                                                  c:/winavr-20100110/bin/../lib/gcc/avr/4.3.3/../../../../avr/lib/avr5\libc.a(sprintf.o)
__stack                                           c:/winavr-20100110/bin/../lib/gcc/avr/4.3.3/../../../../avr/lib/avr5/crtm32.o
__udivmodhi4                                      c:/winavr-20100110/bin/../lib/gcc/avr/4.3.3/avr5\libgcc.a(_udivmodhi4.o)
                                                  c:/winavr-20100110/bin/../lib/gcc/avr/4.3.3/../../../../avr/lib/avr5\libc.a(itoa.o)
                                                  c:/winavr-20100110/bin/../lib/gcc/avr/4.3.3/avr5\libgcc.a(_divmodhi4.o)
__udivmodsi4                                      c:/winavr-20100110/bin/../lib/gcc/avr/4.3.3/avr5\libgcc.a(_udivmodsi4.o)
                                                  c:/winavr-20100110/bin/../lib/gcc/avr/4.3.3/../../../../avr/lib/avr5\libc.a(ltoa.o)
                                                  c:/winavr-20100110/bin/../lib/gcc/avr/4.3.3/avr5\libgcc.a(_divmodsi4.o)
                                                  GoogleVoiceAssistancebasedSmartMp3PLyer.o
__ultoa_invert                                    c:/winavr-20100110/bin/../lib/gcc/avr/4.3.3/../../../../avr/lib/avr5\libc.a(ultoa_invert.o)
                                                  c:/winavr-20100110/bin/../lib/gcc/avr/4.3.3/../../../../avr/lib/avr5\libc.a(vfprintf_std.o)
__vector_1                                        c:/winavr-20100110/bin/../lib/gcc/avr/4.3.3/../../../../avr/lib/avr5/crtm32.o
__vector_10                                       c:/winavr-20100110/bin/../lib/gcc/avr/4.3.3/../../../../avr/lib/avr5/crtm32.o
__vector_11                                       c:/winavr-20100110/bin/../lib/gcc/avr/4.3.3/../../../../avr/lib/avr5/crtm32.o
__vector_12                                       c:/winavr-20100110/bin/../lib/gcc/avr/4.3.3/../../../../avr/lib/avr5/crtm32.o
__vector_13                                       GoogleVoiceAssistancebasedSmartMp3PLyer.o
                                                  c:/winavr-20100110/bin/../lib/gcc/avr/4.3.3/../../../../avr/lib/avr5/crtm32.o
__vector_14                                       c:/winavr-20100110/bin/../lib/gcc/avr/4.3.3/../../../../avr/lib/avr5/crtm32.o
__vector_15                                       c:/winavr-20100110/bin/../lib/gcc/avr/4.3.3/../../../../avr/lib/avr5/crtm32.o
__vector_16                                       c:/winavr-20100110/bin/../lib/gcc/avr/4.3.3/../../../../avr/lib/avr5/crtm32.o
__vector_17                                       c:/winavr-20100110/bin/../lib/gcc/avr/4.3.3/../../../../avr/lib/avr5/crtm32.o
__vector_18                                       c:/winavr-20100110/bin/../lib/gcc/avr/4.3.3/../../../../avr/lib/avr5/crtm32.o
__vector_19                                       c:/winavr-20100110/bin/../lib/gcc/avr/4.3.3/../../../../avr/lib/avr5/crtm32.o
__vector_2                                        c:/winavr-20100110/bin/../lib/gcc/avr/4.3.3/../../../../avr/lib/avr5/crtm32.o
__vector_20                                       c:/winavr-20100110/bin/../lib/gcc/avr/4.3.3/../../../../avr/lib/avr5/crtm32.o
__vector_3                                        c:/winavr-20100110/bin/../lib/gcc/avr/4.3.3/../../../../avr/lib/avr5/crtm32.o
__vector_4                                        c:/winavr-20100110/bin/../lib/gcc/avr/4.3.3/../../../../avr/lib/avr5/crtm32.o
__vector_5                                        c:/winavr-20100110/bin/../lib/gcc/avr/4.3.3/../../../../avr/lib/avr5/crtm32.o
__vector_6                                        c:/winavr-20100110/bin/../lib/gcc/avr/4.3.3/../../../../avr/lib/avr5/crtm32.o
__vector_7                                        c:/winavr-20100110/bin/../lib/gcc/avr/4.3.3/../../../../avr/lib/avr5/crtm32.o
__vector_8                                        c:/winavr-20100110/bin/../lib/gcc/avr/4.3.3/../../../../avr/lib/avr5/crtm32.o
__vector_9                                        c:/winavr-20100110/bin/../lib/gcc/avr/4.3.3/../../../../avr/lib/avr5/crtm32.o
__vector_default                                  c:/winavr-20100110/bin/../lib/gcc/avr/4.3.3/../../../../avr/lib/avr5/crtm32.o
__vectors                                         c:/winavr-20100110/bin/../lib/gcc/avr/4.3.3/../../../../avr/lib/avr5/crtm32.o
_div                                              c:/winavr-20100110/bin/../lib/gcc/avr/4.3.3/avr5\libgcc.a(_divmodhi4.o)
_exit                                             c:/winavr-20100110/bin/../lib/gcc/avr/4.3.3/avr5\libgcc.a(_exit.o)
ah                                                C:\WinAVR-20100110\avr\include\avr\libixabwifiadvanced.a(wifi.o)
all_lights_off                                    GoogleVoiceAssistancebasedSmartMp3PLyer.o
all_lights_on                                     GoogleVoiceAssistancebasedSmartMp3PLyer.o
atoi                                              c:/winavr-20100110/bin/../lib/gcc/avr/4.3.3/../../../../avr/lib/avr5\libc.a(atoi.o)
                                                  C:\WinAVR-20100110\avr\include\avr\libefsio.a(efsio.o)
                                                  GoogleVoiceAssistancebasedSmartMp3PLyer.o
compare                                           C:\WinAVR-20100110\avr\include\avr\libefsio.a(efsio.o)
                                                  GoogleVoiceAssistancebasedSmartMp3PLyer.o
complete_setup                                    GoogleVoiceAssistancebasedSmartMp3PLyer.o
data                                              GoogleVoiceAssistancebasedSmartMp3PLyer.o
data_retrieve                                     GoogleVoiceAssistancebasedSmartMp3PLyer.o
data_retrievex                                    GoogleVoiceAssistancebasedSmartMp3PLyer.o
data_update                                       GoogleVoiceAssistancebasedSmartMp3PLyer.o
data_updatex                                      GoogleVoiceAssistancebasedSmartMp3PLyer.o
direction                                         C:\WinAVR-20100110\avr\include\avr\libefsio.a(efsio.o)
exit                                              c:/winavr-20100110/bin/../lib/gcc/avr/4.3.3/avr5\libgcc.a(_exit.o)
                                                  c:/winavr-20100110/bin/../lib/gcc/avr/4.3.3/../../../../avr/lib/avr5/crtm32.o
fputc                                             c:/winavr-20100110/bin/../lib/gcc/avr/4.3.3/../../../../avr/lib/avr5\libc.a(fputc.o)
                                                  c:/winavr-20100110/bin/../lib/gcc/avr/4.3.3/../../../../avr/lib/avr5\libc.a(vfprintf_std.o)
gps_update                                        GoogleVoiceAssistancebasedSmartMp3PLyer.o
hcode                                             C:\WinAVR-20100110\avr\include\avr\libixabwifiadvanced.a(wifi.o)
i                                                 GoogleVoiceAssistancebasedSmartMp3PLyer.o
itoa                                              c:/winavr-20100110/bin/../lib/gcc/avr/4.3.3/../../../../avr/lib/avr5\libc.a(itoa.o)
                                                  GoogleVoiceAssistancebasedSmartMp3PLyer.o
jd                                                C:\WinAVR-20100110\avr\include\avr\libixabwifiadvanced.a(wifi.o)
jsonparser                                        C:\WinAVR-20100110\avr\include\avr\libefsio.a(efsio.o)
                                                  GoogleVoiceAssistancebasedSmartMp3PLyer.o
lcd_clear                                         GoogleVoiceAssistancebasedSmartMp3PLyer.o
lcd_command                                       GoogleVoiceAssistancebasedSmartMp3PLyer.o
lcd_data                                          GoogleVoiceAssistancebasedSmartMp3PLyer.o
lcd_getxy                                         GoogleVoiceAssistancebasedSmartMp3PLyer.o
lcd_gotoxy                                        GoogleVoiceAssistancebasedSmartMp3PLyer.o
lcd_home                                          GoogleVoiceAssistancebasedSmartMp3PLyer.o
lcd_init                                          GoogleVoiceAssistancebasedSmartMp3PLyer.o
lcd_num                                           GoogleVoiceAssistancebasedSmartMp3PLyer.o
lcd_putc                                          GoogleVoiceAssistancebasedSmartMp3PLyer.o
lcd_puts_p                                        GoogleVoiceAssistancebasedSmartMp3PLyer.o
lcd_string                                        GoogleVoiceAssistancebasedSmartMp3PLyer.o
lcd_string_X                                      GoogleVoiceAssistancebasedSmartMp3PLyer.o
ltoa                                              c:/winavr-20100110/bin/../lib/gcc/avr/4.3.3/../../../../avr/lib/avr5\libc.a(ltoa.o)
                                                  GoogleVoiceAssistancebasedSmartMp3PLyer.o
main                                              GoogleVoiceAssistancebasedSmartMp3PLyer.o
                                                  c:/winavr-20100110/bin/../lib/gcc/avr/4.3.3/../../../../avr/lib/avr5/crtm32.o
mk                                                C:\WinAVR-20100110\avr\include\avr\libixabwifiadvanced.a(wifi.o)
mp3_init                                          GoogleVoiceAssistancebasedSmartMp3PLyer.o
otacount                                          C:\WinAVR-20100110\avr\include\avr\libixabwifiadvanced.a(wifi.o)
playNextSong                                      GoogleVoiceAssistancebasedSmartMp3PLyer.o
playPreviousSong                                  GoogleVoiceAssistancebasedSmartMp3PLyer.o
read                                              C:\WinAVR-20100110\avr\include\avr\libefsio.a(efsio.o)
reconfigure                                       C:\WinAVR-20100110\avr\include\avr\libixabwifiadvanced.a(wifi.o)
rgb_retrieve                                      GoogleVoiceAssistancebasedSmartMp3PLyer.o
s_clearbuffer                                     GoogleVoiceAssistancebasedSmartMp3PLyer.o
                                                  C:\WinAVR-20100110\avr\include\avr\libixabwifiadvanced.a(wifi.o)
s_readbuffer                                      GoogleVoiceAssistancebasedSmartMp3PLyer.o
serial_available                                  GoogleVoiceAssistancebasedSmartMp3PLyer.o
                                                  C:\WinAVR-20100110\avr\include\avr\libixabwifiadvanced.a(wifi.o)
serial_char                                       GoogleVoiceAssistancebasedSmartMp3PLyer.o
serial_finit                                      GoogleVoiceAssistancebasedSmartMp3PLyer.o
serial_init                                       GoogleVoiceAssistancebasedSmartMp3PLyer.o
serial_nread                                      GoogleVoiceAssistancebasedSmartMp3PLyer.o
serial_nreadw                                     GoogleVoiceAssistancebasedSmartMp3PLyer.o
serial_num                                        GoogleVoiceAssistancebasedSmartMp3PLyer.o
serial_numl                                       GoogleVoiceAssistancebasedSmartMp3PLyer.o
serial_read                                       GoogleVoiceAssistancebasedSmartMp3PLyer.o
                                                  C:\WinAVR-20100110\avr\include\avr\libixabwifiadvanced.a(wifi.o)
serial_select                                     C:\WinAVR-20100110\avr\include\avr\libefsio.a(efsio.o)
                                                  GoogleVoiceAssistancebasedSmartMp3PLyer.o
serial_string                                     GoogleVoiceAssistancebasedSmartMp3PLyer.o
                                                  C:\WinAVR-20100110\avr\include\avr\libixabwifiadvanced.a(wifi.o)
serial_string_P                                   GoogleVoiceAssistancebasedSmartMp3PLyer.o
                                                  C:\WinAVR-20100110\avr\include\avr\libixabwifiadvanced.a(wifi.o)
sprintf                                           c:/winavr-20100110/bin/../lib/gcc/avr/4.3.3/../../../../avr/lib/avr5\libc.a(sprintf.o)
                                                  GoogleVoiceAssistancebasedSmartMp3PLyer.o
str_num                                           C:\WinAVR-20100110\avr\include\avr\libefsio.a(efsio.o)
strchr                                            c:/winavr-20100110/bin/../lib/gcc/avr/4.3.3/../../../../avr/lib/avr5\libc.a(strchr.o)
                                                  C:\WinAVR-20100110\avr\include\avr\libefsio.a(efsio.o)
strcpy                                            c:/winavr-20100110/bin/../lib/gcc/avr/4.3.3/../../../../avr/lib/avr5\libc.a(strcpy.o)
                                                  C:\WinAVR-20100110\avr\include\avr\libixabwifiadvanced.a(wifi.o)
                                                  GoogleVoiceAssistancebasedSmartMp3PLyer.o
strncasecmp                                       c:/winavr-20100110/bin/../lib/gcc/avr/4.3.3/../../../../avr/lib/avr5\libc.a(strncasecmp.o)
                                                  C:\WinAVR-20100110\avr\include\avr\libefsio.a(efsio.o)
strncpy                                           c:/winavr-20100110/bin/../lib/gcc/avr/4.3.3/../../../../avr/lib/avr5\libc.a(strncpy.o)
                                                  C:\WinAVR-20100110\avr\include\avr\libefsio.a(efsio.o)
strnlen                                           c:/winavr-20100110/bin/../lib/gcc/avr/4.3.3/../../../../avr/lib/avr5\libc.a(strnlen.o)
                                                  c:/winavr-20100110/bin/../lib/gcc/avr/4.3.3/../../../../avr/lib/avr5\libc.a(vfprintf_std.o)
strnlen_P                                         c:/winavr-20100110/bin/../lib/gcc/avr/4.3.3/../../../../avr/lib/avr5\libc.a(strnlen_P.o)
                                                  c:/winavr-20100110/bin/../lib/gcc/avr/4.3.3/../../../../avr/lib/avr5\libc.a(vfprintf_std.o)
strrev                                            c:/winavr-20100110/bin/../lib/gcc/avr/4.3.3/../../../../avr/lib/avr5\libc.a(strrev.o)
                                                  c:/winavr-20100110/bin/../lib/gcc/avr/4.3.3/../../../../avr/lib/avr5\libc.a(ltoa.o)
                                                  c:/winavr-20100110/bin/../lib/gcc/avr/4.3.3/../../../../avr/lib/avr5\libc.a(itoa.o)
strstr                                            c:/winavr-20100110/bin/../lib/gcc/avr/4.3.3/../../../../avr/lib/avr5\libc.a(strstr.o)
                                                  C:\WinAVR-20100110\avr\include\avr\libefsio.a(efsio.o)
urclear                                           GoogleVoiceAssistancebasedSmartMp3PLyer.o
vfprintf                                          c:/winavr-20100110/bin/../lib/gcc/avr/4.3.3/../../../../avr/lib/avr5\libc.a(vfprintf_std.o)
                                                  c:/winavr-20100110/bin/../lib/gcc/avr/4.3.3/../../../../avr/lib/avr5\libc.a(sprintf.o)
volumeDec                                         GoogleVoiceAssistancebasedSmartMp3PLyer.o
volumeInc                                         GoogleVoiceAssistancebasedSmartMp3PLyer.o
wifi_buffer                                       C:\WinAVR-20100110\avr\include\avr\libixabwifiadvanced.a(wifi.o)
wifi_connect                                      C:\WinAVR-20100110\avr\include\avr\libixabwifiadvanced.a(wifi.o)
                                                  GoogleVoiceAssistancebasedSmartMp3PLyer.o
wifi_http                                         C:\WinAVR-20100110\avr\include\avr\libixabwifiadvanced.a(wifi.o)
                                                  GoogleVoiceAssistancebasedSmartMp3PLyer.o
wifi_init                                         C:\WinAVR-20100110\avr\include\avr\libixabwifiadvanced.a(wifi.o)
                                                  GoogleVoiceAssistancebasedSmartMp3PLyer.o
wifi_off                                          C:\WinAVR-20100110\avr\include\avr\libixabwifiadvanced.a(wifi.o)
wifi_restart                                      C:\WinAVR-20100110\avr\include\avr\libixabwifiadvanced.a(wifi.o)
wifi_status                                       C:\WinAVR-20100110\avr\include\avr\libixabwifiadvanced.a(wifi.o)
write                                             C:\WinAVR-20100110\avr\include\avr\libefsio.a(efsio.o)
                                                  GoogleVoiceAssistancebasedSmartMp3PLyer.o
wxname                                            C:\WinAVR-20100110\avr\include\avr\libixabwifiadvanced.a(wifi.o)
wxpwsd                                            C:\WinAVR-20100110\avr\include\avr\libixabwifiadvanced.a(wifi.o)
